// Jest Snapshot v1, https://goo.gl/fbAQLP

exports[`ActionButton tests renders snapshot 1`] = `
<DocumentFragment>
  <button
    class="button"
  >
    Jesus
  </button>
</DocumentFragment>
`;
